Archive member included because of file (symbol)

e:/embedded materials/imtsdkavrconfig/imt_sdk_win_64/winavr/bin/../lib/gcc/avr/4.3.3/avr5\libgcc.a(_divmodsi4.o)
                              ./src/Uart.o (__divmodsi4)
e:/embedded materials/imtsdkavrconfig/imt_sdk_win_64/winavr/bin/../lib/gcc/avr/4.3.3/avr5\libgcc.a(_exit.o)
                              e:/embedded materials/imtsdkavrconfig/imt_sdk_win_64/winavr/bin/../lib/gcc/avr/4.3.3/../../../../avr/lib/avr5/crtm32.o (exit)
e:/embedded materials/imtsdkavrconfig/imt_sdk_win_64/winavr/bin/../lib/gcc/avr/4.3.3/avr5\libgcc.a(_copy_data.o)
                              ./src/Gpt_PbCfg.o (__do_copy_data)
e:/embedded materials/imtsdkavrconfig/imt_sdk_win_64/winavr/bin/../lib/gcc/avr/4.3.3/avr5\libgcc.a(_clear_bss.o)
                              ./src/Gpt.o (__do_clear_bss)
e:/embedded materials/imtsdkavrconfig/imt_sdk_win_64/winavr/bin/../lib/gcc/avr/4.3.3/avr5\libgcc.a(_ashldi3.o)
                              ./src/Uart.o (__ashldi3)
e:/embedded materials/imtsdkavrconfig/imt_sdk_win_64/winavr/bin/../lib/gcc/avr/4.3.3/avr5\libgcc.a(_udivdi3.o)
                              ./src/Uart.o (__udivdi3)
e:/embedded materials/imtsdkavrconfig/imt_sdk_win_64/winavr/bin/../lib/gcc/avr/4.3.3/avr5\libgcc.a(_umoddi3.o)
                              ./src/Uart.o (__umoddi3)
e:/embedded materials/imtsdkavrconfig/imt_sdk_win_64/winavr/bin/../lib/gcc/avr/4.3.3/avr5\libgcc.a(_mulsi3.o)
                              e:/embedded materials/imtsdkavrconfig/imt_sdk_win_64/winavr/bin/../lib/gcc/avr/4.3.3/avr5\libgcc.a(_udivdi3.o) (__mulsi3)
e:/embedded materials/imtsdkavrconfig/imt_sdk_win_64/winavr/bin/../lib/gcc/avr/4.3.3/avr5\libgcc.a(_udivmodsi4.o)
                              e:/embedded materials/imtsdkavrconfig/imt_sdk_win_64/winavr/bin/../lib/gcc/avr/4.3.3/avr5\libgcc.a(_divmodsi4.o) (__udivmodsi4)
e:/embedded materials/imtsdkavrconfig/imt_sdk_win_64/winavr/bin/../lib/gcc/avr/4.3.3/avr5\libgcc.a(_prologue.o)
                              e:/embedded materials/imtsdkavrconfig/imt_sdk_win_64/winavr/bin/../lib/gcc/avr/4.3.3/avr5\libgcc.a(_udivdi3.o) (__prologue_saves__)
e:/embedded materials/imtsdkavrconfig/imt_sdk_win_64/winavr/bin/../lib/gcc/avr/4.3.3/avr5\libgcc.a(_epilogue.o)
                              e:/embedded materials/imtsdkavrconfig/imt_sdk_win_64/winavr/bin/../lib/gcc/avr/4.3.3/avr5\libgcc.a(_udivdi3.o) (__epilogue_restores__)
e:/embedded materials/imtsdkavrconfig/imt_sdk_win_64/winavr/bin/../lib/gcc/avr/4.3.3/avr5\libgcc.a(_clz.o)
                              e:/embedded materials/imtsdkavrconfig/imt_sdk_win_64/winavr/bin/../lib/gcc/avr/4.3.3/avr5\libgcc.a(_udivdi3.o) (__clz_tab)

Allocating common symbols
Common symbol       size              file

Tasks               0x50              ./src/Scheduler.o

Memory Configuration

Name             Origin             Length             Attributes
text             0x00000000         0x00020000         xr
data             0x00800060         0x0000ffa0         rw !x
eeprom           0x00810000         0x00010000         rw !x
fuse             0x00820000         0x00000400         rw !x
lock             0x00830000         0x00000400         rw !x
signature        0x00840000         0x00000400         rw !x
*default*        0x00000000         0xffffffff

Linker script and memory map

LOAD e:/embedded materials/imtsdkavrconfig/imt_sdk_win_64/winavr/bin/../lib/gcc/avr/4.3.3/../../../../avr/lib/avr5/crtm32.o
LOAD ./src/Dio.o
LOAD ./src/Gpt.o
LOAD ./src/Gpt_PbCfg.o
LOAD ./src/Scheduler.o
LOAD ./src/Uart.o
LOAD ./src/Wdt.o
LOAD ./src/main.o
LOAD e:/embedded materials/imtsdkavrconfig/imt_sdk_win_64/winavr/bin/../lib/gcc/avr/4.3.3/avr5\libgcc.a
LOAD e:/embedded materials/imtsdkavrconfig/imt_sdk_win_64/winavr/bin/../lib/gcc/avr/4.3.3/../../../../avr/lib/avr5\libc.a
LOAD e:/embedded materials/imtsdkavrconfig/imt_sdk_win_64/winavr/bin/../lib/gcc/avr/4.3.3/avr5\libgcc.a

.hash
 *(.hash)

.dynsym
 *(.dynsym)

.dynstr
 *(.dynstr)

.gnu.version
 *(.gnu.version)

.gnu.version_d
 *(.gnu.version_d)

.gnu.version_r
 *(.gnu.version_r)

.rel.init
 *(.rel.init)

.rela.init
 *(.rela.init)

.rel.text
 *(.rel.text)
 *(.rel.text.*)
 *(.rel.gnu.linkonce.t*)

.rela.text
 *(.rela.text)
 *(.rela.text.*)
 *(.rela.gnu.linkonce.t*)

.rel.fini
 *(.rel.fini)

.rela.fini
 *(.rela.fini)

.rel.rodata
 *(.rel.rodata)
 *(.rel.rodata.*)
 *(.rel.gnu.linkonce.r*)

.rela.rodata
 *(.rela.rodata)
 *(.rela.rodata.*)
 *(.rela.gnu.linkonce.r*)

.rel.data
 *(.rel.data)
 *(.rel.data.*)
 *(.rel.gnu.linkonce.d*)

.rela.data
 *(.rela.data)
 *(.rela.data.*)
 *(.rela.gnu.linkonce.d*)

.rel.ctors
 *(.rel.ctors)

.rela.ctors
 *(.rela.ctors)

.rel.dtors
 *(.rel.dtors)

.rela.dtors
 *(.rela.dtors)

.rel.got
 *(.rel.got)

.rela.got
 *(.rela.got)

.rel.bss
 *(.rel.bss)

.rela.bss
 *(.rela.bss)

.rel.plt
 *(.rel.plt)

.rela.plt
 *(.rela.plt)

.text           0x00000000     0x2870
 *(.vectors)
 .vectors       0x00000000       0x54 e:/embedded materials/imtsdkavrconfig/imt_sdk_win_64/winavr/bin/../lib/gcc/avr/4.3.3/../../../../avr/lib/avr5/crtm32.o
                0x00000000                __vectors
                0x00000000                __vector_default
 *(.vectors)
 *(.progmem.gcc*)
 *(.progmem*)
                0x00000054                . = ALIGN (0x2)
                0x00000054                __trampolines_start = .
 *(.trampolines)
 .trampolines   0x00000054        0x0 linker stubs
 *(.trampolines*)
                0x00000054                __trampolines_end = .
 *(.jumptables)
 *(.jumptables*)
 *(.lowtext)
 *(.lowtext*)
                0x00000054                __ctors_start = .
 *(.ctors)
                0x00000054                __ctors_end = .
                0x00000054                __dtors_start = .
 *(.dtors)
                0x00000054                __dtors_end = .
 SORT(*)(.ctors)
 SORT(*)(.dtors)
 *(.init0)
 .init0         0x00000054        0x0 e:/embedded materials/imtsdkavrconfig/imt_sdk_win_64/winavr/bin/../lib/gcc/avr/4.3.3/../../../../avr/lib/avr5/crtm32.o
                0x00000054                __init
 *(.init0)
 *(.init1)
 *(.init1)
 *(.init2)
 .init2         0x00000054        0xc e:/embedded materials/imtsdkavrconfig/imt_sdk_win_64/winavr/bin/../lib/gcc/avr/4.3.3/../../../../avr/lib/avr5/crtm32.o
 *(.init2)
 *(.init3)
 *(.init3)
 *(.init4)
 .init4         0x00000060       0x16 e:/embedded materials/imtsdkavrconfig/imt_sdk_win_64/winavr/bin/../lib/gcc/avr/4.3.3/avr5\libgcc.a(_copy_data.o)
                0x00000060                __do_copy_data
 .init4         0x00000076       0x10 e:/embedded materials/imtsdkavrconfig/imt_sdk_win_64/winavr/bin/../lib/gcc/avr/4.3.3/avr5\libgcc.a(_clear_bss.o)
                0x00000076                __do_clear_bss
 *(.init4)
 *(.init5)
 *(.init5)
 *(.init6)
 *(.init6)
 *(.init7)
 *(.init7)
 *(.init8)
 *(.init8)
 *(.init9)
 .init9         0x00000086        0x8 e:/embedded materials/imtsdkavrconfig/imt_sdk_win_64/winavr/bin/../lib/gcc/avr/4.3.3/../../../../avr/lib/avr5/crtm32.o
 *(.init9)
 *(.text)
 .text          0x0000008e        0x4 e:/embedded materials/imtsdkavrconfig/imt_sdk_win_64/winavr/bin/../lib/gcc/avr/4.3.3/../../../../avr/lib/avr5/crtm32.o
                0x0000008e                __vector_1
                0x0000008e                __vector_12
                0x0000008e                __bad_interrupt
                0x0000008e                __vector_6
                0x0000008e                __vector_3
                0x0000008e                __vector_17
                0x0000008e                __vector_19
                0x0000008e                __vector_7
                0x0000008e                __vector_5
                0x0000008e                __vector_4
                0x0000008e                __vector_9
                0x0000008e                __vector_2
                0x0000008e                __vector_8
                0x0000008e                __vector_16
                0x0000008e                __vector_18
                0x0000008e                __vector_20
 .text          0x00000092        0x0 ./src/Dio.o
 .text          0x00000092        0x0 ./src/Gpt.o
 .text          0x00000092        0x0 ./src/Gpt_PbCfg.o
 .text          0x00000092        0x0 ./src/Scheduler.o
 .text          0x00000092        0x0 ./src/Uart.o
 .text          0x00000092        0x0 ./src/Wdt.o
 .text          0x00000092        0x0 ./src/main.o
 .text          0x00000092        0x0 e:/embedded materials/imtsdkavrconfig/imt_sdk_win_64/winavr/bin/../lib/gcc/avr/4.3.3/avr5\libgcc.a(_divmodsi4.o)
 .text          0x00000092        0x0 e:/embedded materials/imtsdkavrconfig/imt_sdk_win_64/winavr/bin/../lib/gcc/avr/4.3.3/avr5\libgcc.a(_exit.o)
 .text          0x00000092        0x0 e:/embedded materials/imtsdkavrconfig/imt_sdk_win_64/winavr/bin/../lib/gcc/avr/4.3.3/avr5\libgcc.a(_copy_data.o)
 .text          0x00000092        0x0 e:/embedded materials/imtsdkavrconfig/imt_sdk_win_64/winavr/bin/../lib/gcc/avr/4.3.3/avr5\libgcc.a(_clear_bss.o)
 .text          0x00000092       0xfe e:/embedded materials/imtsdkavrconfig/imt_sdk_win_64/winavr/bin/../lib/gcc/avr/4.3.3/avr5\libgcc.a(_ashldi3.o)
                0x00000092                __ashldi3
 .text          0x00000190      0xcea e:/embedded materials/imtsdkavrconfig/imt_sdk_win_64/winavr/bin/../lib/gcc/avr/4.3.3/avr5\libgcc.a(_udivdi3.o)
                0x00000190                __udivdi3
 .text          0x00000e7a      0xce0 e:/embedded materials/imtsdkavrconfig/imt_sdk_win_64/winavr/bin/../lib/gcc/avr/4.3.3/avr5\libgcc.a(_umoddi3.o)
                0x00000e7a                __umoddi3
 .text          0x00001b5a        0x0 e:/embedded materials/imtsdkavrconfig/imt_sdk_win_64/winavr/bin/../lib/gcc/avr/4.3.3/avr5\libgcc.a(_mulsi3.o)
 .text          0x00001b5a        0x0 e:/embedded materials/imtsdkavrconfig/imt_sdk_win_64/winavr/bin/../lib/gcc/avr/4.3.3/avr5\libgcc.a(_udivmodsi4.o)
 .text          0x00001b5a        0x0 e:/embedded materials/imtsdkavrconfig/imt_sdk_win_64/winavr/bin/../lib/gcc/avr/4.3.3/avr5\libgcc.a(_prologue.o)
 .text          0x00001b5a        0x0 e:/embedded materials/imtsdkavrconfig/imt_sdk_win_64/winavr/bin/../lib/gcc/avr/4.3.3/avr5\libgcc.a(_epilogue.o)
 .text          0x00001b5a        0x0 e:/embedded materials/imtsdkavrconfig/imt_sdk_win_64/winavr/bin/../lib/gcc/avr/4.3.3/avr5\libgcc.a(_clz.o)
                0x00001b5a                . = ALIGN (0x2)
 *(.text.*)
 .text.Dio_SetPinMode
                0x00001b5a      0x19c ./src/Dio.o
                0x00001b5a                Dio_SetPinMode
 .text.Dio_SetPinLevel
                0x00001cf6       0xf2 ./src/Dio.o
                0x00001cf6                Dio_SetPinLevel
 .text.Dio_FlipPinLevel
                0x00001de8       0x98 ./src/Dio.o
                0x00001de8                Dio_FlipPinLevel
 .text.Dio_ReadPinLevel
                0x00001e80       0x40 ./src/Dio.o
                0x00001e80                Dio_ReadPinLevel
 .text.__vector_10
                0x00001ec0       0x52 ./src/Gpt.o
                0x00001ec0                __vector_10
 .text.__vector_11
                0x00001f12       0x52 ./src/Gpt.o
                0x00001f12                __vector_11
 .text.Gpt_Init
                0x00001f64       0x66 ./src/Gpt.o
                0x00001f64                Gpt_Init
 .text.Gpt_Start
                0x00001fca       0x76 ./src/Gpt.o
                0x00001fca                Gpt_Start
 .text.Gpt_Stop
                0x00002040       0x18 ./src/Gpt.o
                0x00002040                Gpt_Stop
 .text.Gpt_Reset
                0x00002058        0x8 ./src/Gpt.o
                0x00002058                Gpt_Reset
 .text.Gpt_SetCounterValue
                0x00002060        0x8 ./src/Gpt.o
                0x00002060                Gpt_SetCounterValue
 .text.Gpt_SetCompareValue
                0x00002068        0x8 ./src/Gpt.o
                0x00002068                Gpt_SetCompareValue
 .text.Gpt_EnableNotification
                0x00002070       0x1a ./src/Gpt.o
                0x00002070                Gpt_EnableNotification
 .text.Gpt_DisableNotification
                0x0000208a       0x1a ./src/Gpt.o
                0x0000208a                Gpt_DisableNotification
 .text.Gpt_SetCallback
                0x000020a4       0x1e ./src/Gpt.o
                0x000020a4                Gpt_SetCallback
 .text.Gpt_GetElapsedTime
                0x000020c2       0x14 ./src/Gpt.o
                0x000020c2                Gpt_GetElapsedTime
 .text.Scheduler_CreateTask
                0x000020d6       0x5a ./src/Scheduler.o
                0x000020d6                Scheduler_CreateTask
 .text.Scheduler_DeleteTask
                0x00002130       0x38 ./src/Scheduler.o
                0x00002130                Scheduler_DeleteTask
 .text.Scheduler_Init
                0x00002168       0x14 ./src/Scheduler.o
                0x00002168                Scheduler_Init
 .text.Scheduler_SuspendTask
                0x0000217c       0x1a ./src/Scheduler.o
                0x0000217c                Scheduler_SuspendTask
 .text.Scheduler_ResumeTask
                0x00002196       0x1c ./src/Scheduler.o
                0x00002196                Scheduler_ResumeTask
 .text.Scheduler_Dispath
                0x000021b2       0x56 ./src/Scheduler.o
                0x000021b2                Scheduler_Dispath
 .text.Scheduler_UpdateTasks
                0x00002208       0x36 ./src/Scheduler.o
 .text.Scheduler_Start
                0x0000223e       0x2e ./src/Scheduler.o
                0x0000223e                Scheduler_Start
 .text.__vector_13
                0x0000226c       0x54 ./src/Uart.o
                0x0000226c                __vector_13
 .text.__vector_15
                0x000022c0       0x52 ./src/Uart.o
                0x000022c0                __vector_15
 .text.__vector_14
                0x00002312       0x52 ./src/Uart.o
                0x00002312                __vector_14
 .text.Uart_SetBaudRate
                0x00002364        0xa ./src/Uart.o
                0x00002364                Uart_SetBaudRate
 .text.Uart_Transmit
                0x0000236e        0xe ./src/Uart.o
                0x0000236e                Uart_Transmit
 .text.Uart_SendNumber
                0x0000237c      0x298 ./src/Uart.o
                0x0000237c                Uart_SendNumber
 .text.Uart_Receive
                0x00002614        0x8 ./src/Uart.o
                0x00002614                Uart_Receive
 .text.Uart_EnableNotification
                0x0000261c       0x1a ./src/Uart.o
                0x0000261c                Uart_EnableNotification
 .text.Uart_DisableNotification
                0x00002636       0x1a ./src/Uart.o
                0x00002636                Uart_DisableNotification
 .text.Uart_SetTransmitCallback
                0x00002650        0xa ./src/Uart.o
                0x00002650                Uart_SetTransmitCallback
 .text.Uart_SetDataEmptyCallback
                0x0000265a        0xa ./src/Uart.o
                0x0000265a                Uart_SetDataEmptyCallback
 .text.Uart_SetReceiveCallback
                0x00002664        0xa ./src/Uart.o
                0x00002664                Uart_SetReceiveCallback
 .text.Uart_Init
                0x0000266e       0x28 ./src/Uart.o
                0x0000266e                Uart_Init
 .text.Wdt_Enable
                0x00002696        0x8 ./src/Wdt.o
                0x00002696                Wdt_Enable
 .text.Wdt_Disable
                0x0000269e        0xe ./src/Wdt.o
                0x0000269e                Wdt_Disable
 .text.Wdt_Refresh
                0x000026ac       0x14 ./src/Wdt.o
                0x000026ac                Wdt_Refresh
 .text.Wdt_SetTimeOut
                0x000026c0       0x14 ./src/Wdt.o
                0x000026c0                Wdt_SetTimeOut
 .text.Task2    0x000026d4        0xa ./src/main.o
                0x000026d4                Task2
 .text.Task1    0x000026de        0xa ./src/main.o
                0x000026de                Task1
 .text.InitTask
                0x000026e8       0x16 ./src/main.o
                0x000026e8                InitTask
 .text.main     0x000026fe       0x48 ./src/main.o
                0x000026fe                main
 .text.libgcc   0x00002746       0x36 e:/embedded materials/imtsdkavrconfig/imt_sdk_win_64/winavr/bin/../lib/gcc/avr/4.3.3/avr5\libgcc.a(_divmodsi4.o)
                0x00002746                __divmodsi4
 .text.libgcc   0x0000277c        0x0 e:/embedded materials/imtsdkavrconfig/imt_sdk_win_64/winavr/bin/../lib/gcc/avr/4.3.3/avr5\libgcc.a(_exit.o)
 .text.libgcc   0x0000277c        0x0 e:/embedded materials/imtsdkavrconfig/imt_sdk_win_64/winavr/bin/../lib/gcc/avr/4.3.3/avr5\libgcc.a(_copy_data.o)
 .text.libgcc   0x0000277c        0x0 e:/embedded materials/imtsdkavrconfig/imt_sdk_win_64/winavr/bin/../lib/gcc/avr/4.3.3/avr5\libgcc.a(_clear_bss.o)
 .text.libgcc   0x0000277c       0x3e e:/embedded materials/imtsdkavrconfig/imt_sdk_win_64/winavr/bin/../lib/gcc/avr/4.3.3/avr5\libgcc.a(_mulsi3.o)
                0x0000277c                __mulsi3
 .text.libgcc   0x000027ba       0x44 e:/embedded materials/imtsdkavrconfig/imt_sdk_win_64/winavr/bin/../lib/gcc/avr/4.3.3/avr5\libgcc.a(_udivmodsi4.o)
                0x000027ba                __udivmodsi4
 .text.libgcc   0x000027fe       0x38 e:/embedded materials/imtsdkavrconfig/imt_sdk_win_64/winavr/bin/../lib/gcc/avr/4.3.3/avr5\libgcc.a(_prologue.o)
                0x000027fe                __prologue_saves__
 .text.libgcc   0x00002836       0x36 e:/embedded materials/imtsdkavrconfig/imt_sdk_win_64/winavr/bin/../lib/gcc/avr/4.3.3/avr5\libgcc.a(_epilogue.o)
                0x00002836                __epilogue_restores__
                0x0000286c                . = ALIGN (0x2)
 *(.fini9)
 .fini9         0x0000286c        0x0 e:/embedded materials/imtsdkavrconfig/imt_sdk_win_64/winavr/bin/../lib/gcc/avr/4.3.3/avr5\libgcc.a(_exit.o)
                0x0000286c                exit
                0x0000286c                _exit
 *(.fini9)
 *(.fini8)
 *(.fini8)
 *(.fini7)
 *(.fini7)
 *(.fini6)
 *(.fini6)
 *(.fini5)
 *(.fini5)
 *(.fini4)
 *(.fini4)
 *(.fini3)
 *(.fini3)
 *(.fini2)
 *(.fini2)
 *(.fini1)
 *(.fini1)
 *(.fini0)
 .fini0         0x0000286c        0x4 e:/embedded materials/imtsdkavrconfig/imt_sdk_win_64/winavr/bin/../lib/gcc/avr/4.3.3/avr5\libgcc.a(_exit.o)
 *(.fini0)
                0x00002870                _etext = .

.data           0x00800060      0x106 load address 0x00002870
                0x00800060                PROVIDE (__data_start, .)
 *(.data)
 .data          0x00800060        0x0 e:/embedded materials/imtsdkavrconfig/imt_sdk_win_64/winavr/bin/../lib/gcc/avr/4.3.3/../../../../avr/lib/avr5/crtm32.o
 .data          0x00800060        0x0 ./src/Dio.o
 .data          0x00800060        0x0 ./src/Gpt.o
 .data          0x00800060        0x0 ./src/Gpt_PbCfg.o
 .data          0x00800060        0x0 ./src/Scheduler.o
 .data          0x00800060        0x0 ./src/Uart.o
 .data          0x00800060        0x0 ./src/Wdt.o
 .data          0x00800060        0x0 ./src/main.o
 .data          0x00800060        0x0 e:/embedded materials/imtsdkavrconfig/imt_sdk_win_64/winavr/bin/../lib/gcc/avr/4.3.3/avr5\libgcc.a(_divmodsi4.o)
 .data          0x00800060        0x0 e:/embedded materials/imtsdkavrconfig/imt_sdk_win_64/winavr/bin/../lib/gcc/avr/4.3.3/avr5\libgcc.a(_exit.o)
 .data          0x00800060        0x0 e:/embedded materials/imtsdkavrconfig/imt_sdk_win_64/winavr/bin/../lib/gcc/avr/4.3.3/avr5\libgcc.a(_copy_data.o)
 .data          0x00800060        0x0 e:/embedded materials/imtsdkavrconfig/imt_sdk_win_64/winavr/bin/../lib/gcc/avr/4.3.3/avr5\libgcc.a(_clear_bss.o)
 .data          0x00800060        0x0 e:/embedded materials/imtsdkavrconfig/imt_sdk_win_64/winavr/bin/../lib/gcc/avr/4.3.3/avr5\libgcc.a(_ashldi3.o)
 .data          0x00800060        0x0 e:/embedded materials/imtsdkavrconfig/imt_sdk_win_64/winavr/bin/../lib/gcc/avr/4.3.3/avr5\libgcc.a(_udivdi3.o)
 .data          0x00800060        0x0 e:/embedded materials/imtsdkavrconfig/imt_sdk_win_64/winavr/bin/../lib/gcc/avr/4.3.3/avr5\libgcc.a(_umoddi3.o)
 .data          0x00800060        0x0 e:/embedded materials/imtsdkavrconfig/imt_sdk_win_64/winavr/bin/../lib/gcc/avr/4.3.3/avr5\libgcc.a(_mulsi3.o)
 .data          0x00800060        0x0 e:/embedded materials/imtsdkavrconfig/imt_sdk_win_64/winavr/bin/../lib/gcc/avr/4.3.3/avr5\libgcc.a(_udivmodsi4.o)
 .data          0x00800060        0x0 e:/embedded materials/imtsdkavrconfig/imt_sdk_win_64/winavr/bin/../lib/gcc/avr/4.3.3/avr5\libgcc.a(_prologue.o)
 .data          0x00800060        0x0 e:/embedded materials/imtsdkavrconfig/imt_sdk_win_64/winavr/bin/../lib/gcc/avr/4.3.3/avr5\libgcc.a(_epilogue.o)
 .data          0x00800060      0x100 e:/embedded materials/imtsdkavrconfig/imt_sdk_win_64/winavr/bin/../lib/gcc/avr/4.3.3/avr5\libgcc.a(_clz.o)
                0x00800060                __clz_tab
 *(.data*)
 .data.Gpt_Configuration
                0x00800160        0x6 ./src/Gpt_PbCfg.o
                0x00800160                Gpt_Configuration
 *(.rodata)
 *(.rodata*)
 *(.gnu.linkonce.d*)
                0x00800166                . = ALIGN (0x2)
                0x00800166                _edata = .
                0x00800166                PROVIDE (__data_end, .)

.bss            0x00800166       0x66
                0x00800166                PROVIDE (__bss_start, .)
 *(.bss)
 .bss           0x00800166        0x0 e:/embedded materials/imtsdkavrconfig/imt_sdk_win_64/winavr/bin/../lib/gcc/avr/4.3.3/../../../../avr/lib/avr5/crtm32.o
 .bss           0x00800166        0x0 ./src/Dio.o
 .bss           0x00800166        0x0 ./src/Gpt.o
 .bss           0x00800166        0x0 ./src/Gpt_PbCfg.o
 .bss           0x00800166        0x0 ./src/Scheduler.o
 .bss           0x00800166        0x0 ./src/Uart.o
 .bss           0x00800166        0x0 ./src/Wdt.o
 .bss           0x00800166        0x0 ./src/main.o
 .bss           0x00800166        0x0 e:/embedded materials/imtsdkavrconfig/imt_sdk_win_64/winavr/bin/../lib/gcc/avr/4.3.3/avr5\libgcc.a(_divmodsi4.o)
 .bss           0x00800166        0x0 e:/embedded materials/imtsdkavrconfig/imt_sdk_win_64/winavr/bin/../lib/gcc/avr/4.3.3/avr5\libgcc.a(_exit.o)
 .bss           0x00800166        0x0 e:/embedded materials/imtsdkavrconfig/imt_sdk_win_64/winavr/bin/../lib/gcc/avr/4.3.3/avr5\libgcc.a(_copy_data.o)
 .bss           0x00800166        0x0 e:/embedded materials/imtsdkavrconfig/imt_sdk_win_64/winavr/bin/../lib/gcc/avr/4.3.3/avr5\libgcc.a(_clear_bss.o)
 .bss           0x00800166        0x0 e:/embedded materials/imtsdkavrconfig/imt_sdk_win_64/winavr/bin/../lib/gcc/avr/4.3.3/avr5\libgcc.a(_ashldi3.o)
 .bss           0x00800166        0x0 e:/embedded materials/imtsdkavrconfig/imt_sdk_win_64/winavr/bin/../lib/gcc/avr/4.3.3/avr5\libgcc.a(_udivdi3.o)
 .bss           0x00800166        0x0 e:/embedded materials/imtsdkavrconfig/imt_sdk_win_64/winavr/bin/../lib/gcc/avr/4.3.3/avr5\libgcc.a(_umoddi3.o)
 .bss           0x00800166        0x0 e:/embedded materials/imtsdkavrconfig/imt_sdk_win_64/winavr/bin/../lib/gcc/avr/4.3.3/avr5\libgcc.a(_mulsi3.o)
 .bss           0x00800166        0x0 e:/embedded materials/imtsdkavrconfig/imt_sdk_win_64/winavr/bin/../lib/gcc/avr/4.3.3/avr5\libgcc.a(_udivmodsi4.o)
 .bss           0x00800166        0x0 e:/embedded materials/imtsdkavrconfig/imt_sdk_win_64/winavr/bin/../lib/gcc/avr/4.3.3/avr5\libgcc.a(_prologue.o)
 .bss           0x00800166        0x0 e:/embedded materials/imtsdkavrconfig/imt_sdk_win_64/winavr/bin/../lib/gcc/avr/4.3.3/avr5\libgcc.a(_epilogue.o)
 .bss           0x00800166        0x0 e:/embedded materials/imtsdkavrconfig/imt_sdk_win_64/winavr/bin/../lib/gcc/avr/4.3.3/avr5\libgcc.a(_clz.o)
 *(.bss*)
 .bss.Gpt_Callback_TIM0_COMP
                0x00800166        0x2 ./src/Gpt.o
                0x00800166                Gpt_Callback_TIM0_COMP
 .bss.Gpt_Callback_TIM0_OVF
                0x00800168        0x2 ./src/Gpt.o
                0x00800168                Gpt_Callback_TIM0_OVF
 .bss.Gpt_Callback_TIM1A_COMP
                0x0080016a        0x2 ./src/Gpt.o
                0x0080016a                Gpt_Callback_TIM1A_COMP
 .bss.Gpt_Callback_TIM1B_COMP
                0x0080016c        0x2 ./src/Gpt.o
                0x0080016c                Gpt_Callback_TIM1B_COMP
 .bss.Gpt_Callback_TIM1_OVF
                0x0080016e        0x2 ./src/Gpt.o
                0x0080016e                Gpt_Callback_TIM1_OVF
 .bss.Gpt_Callback_TIM1_CAPT
                0x00800170        0x2 ./src/Gpt.o
                0x00800170                Gpt_Callback_TIM1_CAPT
 .bss.Gpt_Callback_TIM2_OVF
                0x00800172        0x2 ./src/Gpt.o
                0x00800172                Gpt_Callback_TIM2_OVF
 .bss.Gpt_Callback_TIM2_COMP
                0x00800174        0x2 ./src/Gpt.o
                0x00800174                Gpt_Callback_TIM2_COMP
 .bss.Uart_RxCallback
                0x00800176        0x2 ./src/Uart.o
                0x00800176                Uart_RxCallback
 .bss.Uart_TxCallback
                0x00800178        0x2 ./src/Uart.o
                0x00800178                Uart_TxCallback
 .bss.Uart_RegEmptyCallback
                0x0080017a        0x2 ./src/Uart.o
                0x0080017a                Uart_RegEmptyCallback
 *(COMMON)
 COMMON         0x0080017c       0x50 ./src/Scheduler.o
                0x0080017c                Tasks
                0x008001cc                PROVIDE (__bss_end, .)
                0x00002870                __data_load_start = LOADADDR (.data)
                0x00002976                __data_load_end = (__data_load_start + SIZEOF (.data))

.noinit         0x008001cc        0x0
                0x008001cc                PROVIDE (__noinit_start, .)
 *(.noinit*)
                0x008001cc                PROVIDE (__noinit_end, .)
                0x008001cc                _end = .
                0x008001cc                PROVIDE (__heap_start, .)

.eeprom         0x00810000        0x0
 *(.eeprom*)
                0x00810000                __eeprom_end = .

.fuse
 *(.fuse)
 *(.lfuse)
 *(.hfuse)
 *(.efuse)

.lock
 *(.lock*)

.signature
 *(.signature*)

.stab
 *(.stab)

.stabstr
 *(.stabstr)

.stab.excl
 *(.stab.excl)

.stab.exclstr
 *(.stab.exclstr)

.stab.index
 *(.stab.index)

.stab.indexstr
 *(.stab.indexstr)

.comment
 *(.comment)

.debug
 *(.debug)

.line
 *(.line)

.debug_srcinfo
 *(.debug_srcinfo)

.debug_sfnames
 *(.debug_sfnames)

.debug_aranges  0x00000000       0x60
 *(.debug_aranges)
 .debug_aranges
                0x00000000       0x20 e:/embedded materials/imtsdkavrconfig/imt_sdk_win_64/winavr/bin/../lib/gcc/avr/4.3.3/avr5\libgcc.a(_ashldi3.o)
 .debug_aranges
                0x00000020       0x20 e:/embedded materials/imtsdkavrconfig/imt_sdk_win_64/winavr/bin/../lib/gcc/avr/4.3.3/avr5\libgcc.a(_udivdi3.o)
 .debug_aranges
                0x00000040       0x20 e:/embedded materials/imtsdkavrconfig/imt_sdk_win_64/winavr/bin/../lib/gcc/avr/4.3.3/avr5\libgcc.a(_umoddi3.o)

.debug_pubnames
                0x00000000       0x80
 *(.debug_pubnames)
 .debug_pubnames
                0x00000000       0x20 e:/embedded materials/imtsdkavrconfig/imt_sdk_win_64/winavr/bin/../lib/gcc/avr/4.3.3/avr5\libgcc.a(_ashldi3.o)
 .debug_pubnames
                0x00000020       0x20 e:/embedded materials/imtsdkavrconfig/imt_sdk_win_64/winavr/bin/../lib/gcc/avr/4.3.3/avr5\libgcc.a(_udivdi3.o)
 .debug_pubnames
                0x00000040       0x20 e:/embedded materials/imtsdkavrconfig/imt_sdk_win_64/winavr/bin/../lib/gcc/avr/4.3.3/avr5\libgcc.a(_umoddi3.o)
 .debug_pubnames
                0x00000060       0x20 e:/embedded materials/imtsdkavrconfig/imt_sdk_win_64/winavr/bin/../lib/gcc/avr/4.3.3/avr5\libgcc.a(_clz.o)

.debug_info     0x00000000     0x109d
 *(.debug_info)
 .debug_info    0x00000000      0x17f e:/embedded materials/imtsdkavrconfig/imt_sdk_win_64/winavr/bin/../lib/gcc/avr/4.3.3/avr5\libgcc.a(_ashldi3.o)
 .debug_info    0x0000017f      0x71e e:/embedded materials/imtsdkavrconfig/imt_sdk_win_64/winavr/bin/../lib/gcc/avr/4.3.3/avr5\libgcc.a(_udivdi3.o)
 .debug_info    0x0000089d      0x757 e:/embedded materials/imtsdkavrconfig/imt_sdk_win_64/winavr/bin/../lib/gcc/avr/4.3.3/avr5\libgcc.a(_umoddi3.o)
 .debug_info    0x00000ff4       0xa9 e:/embedded materials/imtsdkavrconfig/imt_sdk_win_64/winavr/bin/../lib/gcc/avr/4.3.3/avr5\libgcc.a(_clz.o)
 *(.gnu.linkonce.wi.*)

.debug_abbrev   0x00000000      0x469
 *(.debug_abbrev)
 .debug_abbrev  0x00000000       0xee e:/embedded materials/imtsdkavrconfig/imt_sdk_win_64/winavr/bin/../lib/gcc/avr/4.3.3/avr5\libgcc.a(_ashldi3.o)
 .debug_abbrev  0x000000ee      0x181 e:/embedded materials/imtsdkavrconfig/imt_sdk_win_64/winavr/bin/../lib/gcc/avr/4.3.3/avr5\libgcc.a(_udivdi3.o)
 .debug_abbrev  0x0000026f      0x190 e:/embedded materials/imtsdkavrconfig/imt_sdk_win_64/winavr/bin/../lib/gcc/avr/4.3.3/avr5\libgcc.a(_umoddi3.o)
 .debug_abbrev  0x000003ff       0x6a e:/embedded materials/imtsdkavrconfig/imt_sdk_win_64/winavr/bin/../lib/gcc/avr/4.3.3/avr5\libgcc.a(_clz.o)

.debug_line     0x00000000      0x55b
 *(.debug_line)
 .debug_line    0x00000000       0xd7 e:/embedded materials/imtsdkavrconfig/imt_sdk_win_64/winavr/bin/../lib/gcc/avr/4.3.3/avr5\libgcc.a(_ashldi3.o)
 .debug_line    0x000000d7      0x1d8 e:/embedded materials/imtsdkavrconfig/imt_sdk_win_64/winavr/bin/../lib/gcc/avr/4.3.3/avr5\libgcc.a(_udivdi3.o)
 .debug_line    0x000002af      0x230 e:/embedded materials/imtsdkavrconfig/imt_sdk_win_64/winavr/bin/../lib/gcc/avr/4.3.3/avr5\libgcc.a(_umoddi3.o)
 .debug_line    0x000004df       0x7c e:/embedded materials/imtsdkavrconfig/imt_sdk_win_64/winavr/bin/../lib/gcc/avr/4.3.3/avr5\libgcc.a(_clz.o)

.debug_frame    0x00000000       0x60
 *(.debug_frame)
 .debug_frame   0x00000000       0x20 e:/embedded materials/imtsdkavrconfig/imt_sdk_win_64/winavr/bin/../lib/gcc/avr/4.3.3/avr5\libgcc.a(_ashldi3.o)
 .debug_frame   0x00000020       0x20 e:/embedded materials/imtsdkavrconfig/imt_sdk_win_64/winavr/bin/../lib/gcc/avr/4.3.3/avr5\libgcc.a(_udivdi3.o)
 .debug_frame   0x00000040       0x20 e:/embedded materials/imtsdkavrconfig/imt_sdk_win_64/winavr/bin/../lib/gcc/avr/4.3.3/avr5\libgcc.a(_umoddi3.o)

.debug_str      0x00000000      0x16a
 *(.debug_str)
 .debug_str     0x00000000       0xe4 e:/embedded materials/imtsdkavrconfig/imt_sdk_win_64/winavr/bin/../lib/gcc/avr/4.3.3/avr5\libgcc.a(_ashldi3.o)
                                0x131 (size before relaxing)
 .debug_str     0x000000e4       0x7c e:/embedded materials/imtsdkavrconfig/imt_sdk_win_64/winavr/bin/../lib/gcc/avr/4.3.3/avr5\libgcc.a(_udivdi3.o)
                                0x18a (size before relaxing)
 .debug_str     0x00000160        0xa e:/embedded materials/imtsdkavrconfig/imt_sdk_win_64/winavr/bin/../lib/gcc/avr/4.3.3/avr5\libgcc.a(_umoddi3.o)
                                0x18a (size before relaxing)
 .debug_str     0x00000000       0xf4 e:/embedded materials/imtsdkavrconfig/imt_sdk_win_64/winavr/bin/../lib/gcc/avr/4.3.3/avr5\libgcc.a(_clz.o)

.debug_loc      0x00000000     0x1a1e
 *(.debug_loc)
 .debug_loc     0x00000000       0xf8 e:/embedded materials/imtsdkavrconfig/imt_sdk_win_64/winavr/bin/../lib/gcc/avr/4.3.3/avr5\libgcc.a(_ashldi3.o)
 .debug_loc     0x000000f8      0xe74 e:/embedded materials/imtsdkavrconfig/imt_sdk_win_64/winavr/bin/../lib/gcc/avr/4.3.3/avr5\libgcc.a(_udivdi3.o)
 .debug_loc     0x00000f6c      0xab2 e:/embedded materials/imtsdkavrconfig/imt_sdk_win_64/winavr/bin/../lib/gcc/avr/4.3.3/avr5\libgcc.a(_umoddi3.o)

.debug_macinfo
 *(.debug_macinfo)
OUTPUT(Scheduler.elf elf32-avr)
LOAD linker stubs

.debug_ranges   0x00000000       0x30
 .debug_ranges  0x00000000       0x18 e:/embedded materials/imtsdkavrconfig/imt_sdk_win_64/winavr/bin/../lib/gcc/avr/4.3.3/avr5\libgcc.a(_udivdi3.o)
 .debug_ranges  0x00000018       0x18 e:/embedded materials/imtsdkavrconfig/imt_sdk_win_64/winavr/bin/../lib/gcc/avr/4.3.3/avr5\libgcc.a(_umoddi3.o)
